// Jest Snapshot v1, https://goo.gl/fbAQLP

exports[`Header component renders to match snapshot 1`] = `
<DocumentFragment>
  <header
    class="bg-background dark:bg-background-dark sticky top-0 flex px-3 md:px-4 shadow-xl dark:shadow-lg dark:shadow-gray-700 z-10"
  >
    <p
      class="font-kanit italic font-bold text-2xl text-transparent bg-clip-text mr-auto bg-linear-to-tr from-blue-400 to-blue-600 py-2 select-none"
    >
      NOTES
    </p>
    <div
      class="ml-auto my-auto"
    >
      <button
        class="bg-blue-500 py-1 px-4 rounded-md font-quicksand font-bold text-gray-100 cursor-pointer hover:animate-jello"
      >
        Log in
      </button>
    </div>
    <div
      data-testid="mock-theme-toggle"
    />
  </header>
</DocumentFragment>
`;
