// Jest Snapshot v1, https://goo.gl/fbAQLP

exports[`Date component renders correctly to match snapshot 1`] = `
<DocumentFragment>
  <div>
    <button
      class="cursor-pointer select-none w-full rounded hover:bg-gray-200 dark:hover:bg-gray-600"
    >
      <span
        class="text-md md:text-sm dark:text-gray-400"
      >
        3
      </span>
    </button>
  </div>
</DocumentFragment>
`;
